Sketch uses 1120845 bytes (77%) of program storage space. Maximum is 1441792 bytes.
Global variables use 52412 bytes (15%) of dynamic memory, leaving 275268 bytes for local variables. Maximum is 327680 bytes.

Used library        Version Path                                                                                                 
WiFi                2.0.0   C:\Users\oneha\AppData\Local\Arduino15\packages\esp32\hardware\esp32\2.0.6\libraries\WiFi            
OSC                 1.3.5   C:\Users\oneha\OneDrive\Documents\Arduino\libraries\OSC                                              
AsyncTCP            1.1.1   C:\Users\oneha\OneDrive\Documents\Arduino\libraries\AsyncTCP                                         
ESP Async WebServer 1.2.3   C:\Users\oneha\OneDrive\Documents\Arduino\libraries\ESPAsyncWebServer-yuboxfixes-0xFEEDC0DE64-cleanup
FS                  2.0.0   C:\Users\oneha\AppData\Local\Arduino15\packages\esp32\hardware\esp32\2.0.6\libraries\FS              
SPIFFS              2.0.0   C:\Users\oneha\AppData\Local\Arduino15\packages\esp32\hardware\esp32\2.0.6\libraries\SPIFFS          
Ethernet            2.0.0   C:\Users\oneha\AppData\Local\Arduino15\packages\esp32\hardware\esp32\2.0.6\libraries\Ethernet        
ArduinoJson         6.19.4  C:\Users\oneha\OneDrive\Documents\Arduino\libraries\ArduinoJson                                      
Update              2.0.0   C:\Users\oneha\AppData\Local\Arduino15\packages\esp32\hardware\esp32\2.0.6\libraries\Update          
HTTPClient          2.0.0   C:\Users\oneha\AppData\Local\Arduino15\packages\esp32\hardware\esp32\2.0.6\libraries\HTTPClient      
WiFiClientSecure    2.0.0   C:\Users\oneha\AppData\Local\Arduino15\packages\esp32\hardware\esp32\2.0.6\libraries\WiFiClientSecure
ESPmDNS             2.0.0   C:\Users\oneha\AppData\Local\Arduino15\packages\esp32\hardware\esp32\2.0.6\libraries\ESPmDNS         
Wire                2.0.0   C:\Users\oneha\AppData\Local\Arduino15\packages\esp32\hardware\esp32\2.0.6\libraries\Wire            
Preferences         2.0.0   C:\Users\oneha\AppData\Local\Arduino15\packages\esp32\hardware\esp32\2.0.6\libraries\Preferences     

Used platform Version Path                                                                      
esp32:esp32   2.0.6   C:\Users\oneha\AppData\Local\Arduino15\packages\esp32\hardware\esp32\2.0.6

